source_code: |-
  section .text
  .start:
    MOV r1, 0
    MOV r3, 3
    MOV r5, 5
    MOV r2, 1
    MOV r10, 0
    MOV r11, 10
  .loop:
    MOV r6, r2
    MOD r6, r3
    CMP r6, r10
    JE .add
  .next:
    MOV r6, r2
    MOD r6, r5
    CMP r6, r10
    JE .add
  .inc:
    INC r2
    CMP r2, r11
    JE .exit
    JMP .loop
  .add:
    ADD r1, r2
    JMP .inc
  .exit:
    MOV r11, 10
    MOV r12, 48
    DEC r15
  .stack_loop:
    MOV r6, r1
    MOD r6, r11
    DIV r1, r11
    ADD r6, r12
    ST [r15], r6
    CMP r1, r10
    JE .print
    DEC r15
    JMP .stack_loop
  .print:
    LD r1, [r15]
    CMP r1, r10
    JE .hlt
    OUT 1, r1
    INC r15
    JMP .print
  .hlt:
    HLT

stdin: |-
  CatCatCat

stdout: |-
  =========================
  Port 1: '23'


out_code_readable: |-
  {
      "data_mem": {},
      "start": 0,
      "code_mem": {
          "0": {
              "opcode": "mov",
              "args": [
                  "r1",
                  "0"
              ]
          },
          "1": {
              "opcode": "mov",
              "args": [
                  "r3",
                  "3"
              ]
          },
          "2": {
              "opcode": "mov",
              "args": [
                  "r5",
                  "5"
              ]
          },
          "3": {
              "opcode": "mov",
              "args": [
                  "r2",
                  "1"
              ]
          },
          "4": {
              "opcode": "mov",
              "args": [
                  "r10",
                  "0"
              ]
          },
          "5": {
              "opcode": "mov",
              "args": [
                  "r11",
                  "10"
              ]
          },
          "6": {
              "opcode": "mov",
              "args": [
                  "r6",
                  "r2"
              ]
          },
          "7": {
              "opcode": "mod",
              "args": [
                  "r6",
                  "r3"
              ]
          },
          "8": {
              "opcode": "cmp",
              "args": [
                  "r6",
                  "r10"
              ]
          },
          "9": {
              "opcode": "je",
              "args": [
                  "18"
              ]
          },
          "10": {
              "opcode": "mov",
              "args": [
                  "r6",
                  "r2"
              ]
          },
          "11": {
              "opcode": "mod",
              "args": [
                  "r6",
                  "r5"
              ]
          },
          "12": {
              "opcode": "cmp",
              "args": [
                  "r6",
                  "r10"
              ]
          },
          "13": {
              "opcode": "je",
              "args": [
                  "18"
              ]
          },
          "14": {
              "opcode": "inc",
              "args": [
                  "r2"
              ]
          },
          "15": {
              "opcode": "cmp",
              "args": [
                  "r2",
                  "r11"
              ]
          },
          "16": {
              "opcode": "je",
              "args": [
                  "20"
              ]
          },
          "17": {
              "opcode": "jmp",
              "args": [
                  "6"
              ]
          },
          "18": {
              "opcode": "add",
              "args": [
                  "r1",
                  "r2"
              ]
          },
          "19": {
              "opcode": "jmp",
              "args": [
                  "14"
              ]
          },
          "20": {
              "opcode": "mov",
              "args": [
                  "r11",
                  "10"
              ]
          },
          "21": {
              "opcode": "mov",
              "args": [
                  "r12",
                  "48"
              ]
          },
          "22": {
              "opcode": "dec",
              "args": [
                  "r15"
              ]
          },
          "23": {
              "opcode": "mov",
              "args": [
                  "r6",
                  "r1"
              ]
          },
          "24": {
              "opcode": "mod",
              "args": [
                  "r6",
                  "r11"
              ]
          },
          "25": {
              "opcode": "div",
              "args": [
                  "r1",
                  "r11"
              ]
          },
          "26": {
              "opcode": "add",
              "args": [
                  "r6",
                  "r12"
              ]
          },
          "27": {
              "opcode": "st",
              "args": [
                  "r15",
                  "r6"
              ]
          },
          "28": {
              "opcode": "cmp",
              "args": [
                  "r1",
                  "r10"
              ]
          },
          "29": {
              "opcode": "je",
              "args": [
                  "32"
              ]
          },
          "30": {
              "opcode": "dec",
              "args": [
                  "r15"
              ]
          },
          "31": {
              "opcode": "jmp",
              "args": [
                  "23"
              ]
          },
          "32": {
              "opcode": "ld",
              "args": [
                  "r1",
                  "r15"
              ]
          },
          "33": {
              "opcode": "cmp",
              "args": [
                  "r1",
                  "r10"
              ]
          },
          "34": {
              "opcode": "je",
              "args": [
                  "38"
              ]
          },
          "35": {
              "opcode": "out",
              "args": [
                  "1",
                  "r1"
              ]
          },
          "36": {
              "opcode": "inc",
              "args": [
                  "r15"
              ]
          },
          "37": {
              "opcode": "jmp",
              "args": [
                  "32"
              ]
          },
          "38": {
              "opcode": "hlt",
              "args": []
          }
      }
  }


out_log: |-
  DEBUG   machine:simulation    TICK 0 REGS: [(R0 = 0)(R1 = 0)(R2 = 0)(R3 = 0)(R4 = 0)(R5 = 0)(R6 = 0)(R7 = 0)(R8 = 0)(R9 = 0)(R10 = 0)(R11 = 0)(R12 = 0)(R13 = 0)(R14 = 0)(R15 = 1023)] MOV ['r1', '0']
  DEBUG   machine:simulation    TICK 4 REGS: [(R0 = 0)(R1 = 0)(R2 = 0)(R3 = 0)(R4 = 0)(R5 = 0)(R6 = 0)(R7 = 0)(R8 = 0)(R9 = 0)(R10 = 0)(R11 = 0)(R12 = 0)(R13 = 1)(R14 = 0)(R15 = 1023)] MOV ['r3', '3']
  DEBUG   machine:simulation    TICK 8 REGS: [(R0 = 0)(R1 = 0)(R2 = 0)(R3 = 3)(R4 = 0)(R5 = 0)(R6 = 0)(R7 = 0)(R8 = 0)(R9 = 0)(R10 = 0)(R11 = 0)(R12 = 0)(R13 = 2)(R14 = 0)(R15 = 1023)] MOV ['r5', '5']
  DEBUG   machine:simulation    TICK 12 REGS: [(R0 = 0)(R1 = 0)(R2 = 0)(R3 = 3)(R4 = 0)(R5 = 5)(R6 = 0)(R7 = 0)(R8 = 0)(R9 = 0)(R10 = 0)(R11 = 0)(R12 = 0)(R13 = 3)(R14 = 0)(R15 = 1023)] MOV ['r2', '1']
  DEBUG   machine:simulation    TICK 16 REGS: [(R0 = 0)(R1 = 0)(R2 = 1)(R3 = 3)(R4 = 0)(R5 = 5)(R6 = 0)(R7 = 0)(R8 = 0)(R9 = 0)(R10 = 0)(R11 = 0)(R12 = 0)(R13 = 4)(R14 = 0)(R15 = 1023)] MOV ['r10', '0']
  DEBUG   machine:simulation    TICK 20 REGS: [(R0 = 0)(R1 = 0)(R2 = 1)(R3 = 3)(R4 = 0)(R5 = 5)(R6 = 0)(R7 = 0)(R8 = 0)(R9 = 0)(R10 = 0)(R11 = 0)(R12 = 0)(R13 = 5)(R14 = 0)(R15 = 1023)] MOV ['r11', '10']
  DEBUG   machine:simulation    TICK 24 REGS: [(R0 = 0)(R1 = 0)(R2 = 1)(R3 = 3)(R4 = 0)(R5 = 5)(R6 = 0)(R7 = 0)(R8 = 0)(R9 = 0)(R10 = 0)(R11 = 10)(R12 = 0)(R13 = 6)(R14 = 0)(R15 = 1023)] MOV ['r6', 'r2']
  DEBUG   machine:simulation    TICK 28 REGS: [(R0 = 0)(R1 = 0)(R2 = 1)(R3 = 3)(R4 = 0)(R5 = 5)(R6 = 1)(R7 = 0)(R8 = 0)(R9 = 0)(R10 = 0)(R11 = 10)(R12 = 0)(R13 = 7)(R14 = 0)(R15 = 1023)] MOD ['r6', 'r3']
  DEBUG   machine:simulation    TICK 31 REGS: [(R0 = 0)(R1 = 0)(R2 = 1)(R3 = 3)(R4 = 0)(R5 = 5)(R6 = 1)(R7 = 0)(R8 = 0)(R9 = 0)(R10 = 0)(R11 = 10)(R12 = 0)(R13 = 8)(R14 = 0)(R15 = 1023)] CMP ['r6', 'r10']
  DEBUG   machine:simulation    TICK 34 REGS: [(R0 = 0)(R1 = 0)(R2 = 1)(R3 = 3)(R4 = 0)(R5 = 5)(R6 = 1)(R7 = 0)(R8 = 0)(R9 = 0)(R10 = 0)(R11 = 10)(R12 = 0)(R13 = 9)(R14 = 0)(R15 = 1023)] JE ['18']
  DEBUG   machine:simulation    TICK 36 REGS: [(R0 = 0)(R1 = 0)(R2 = 1)(R3 = 3)(R4 = 0)(R5 = 5)(R6 = 1)(R7 = 0)(R8 = 0)(R9 = 0)(R10 = 0)(R11 = 10)(R12 = 0)(R13 = 10)(R14 = 0)(R15 = 1023)] MOV ['r6', 'r2']
  DEBUG   machine:simulation    TICK 40 REGS: [(R0 = 0)(R1 = 0)(R2 = 1)(R3 = 3)(R4 = 0)(R5 = 5)(R6 = 1)(R7 = 0)(R8 = 0)(R9 = 0)(R10 = 0)(R11 = 10)(R12 = 0)(R13 = 11)(R14 = 0)(R15 = 1023)] MOD ['r6', 'r5']
  DEBUG   machine:simulation    TICK 43 REGS: [(R0 = 0)(R1 = 0)(R2 = 1)(R3 = 3)(R4 = 0)(R5 = 5)(R6 = 1)(R7 = 0)(R8 = 0)(R9 = 0)(R10 = 0)(R11 = 10)(R12 = 0)(R13 = 12)(R14 = 0)(R15 = 1023)] CMP ['r6', 'r10']
  DEBUG   machine:simulation    TICK 46 REGS: [(R0 = 0)(R1 = 0)(R2 = 1)(R3 = 3)(R4 = 0)(R5 = 5)(R6 = 1)(R7 = 0)(R8 = 0)(R9 = 0)(R10 = 0)(R11 = 10)(R12 = 0)(R13 = 13)(R14 = 0)(R15 = 1023)] JE ['18']
  DEBUG   machine:simulation    TICK 48 REGS: [(R0 = 0)(R1 = 0)(R2 = 1)(R3 = 3)(R4 = 0)(R5 = 5)(R6 = 1)(R7 = 0)(R8 = 0)(R9 = 0)(R10 = 0)(R11 = 10)(R12 = 0)(R13 = 14)(R14 = 0)(R15 = 1023)] INC ['r2']
  DEBUG   machine:simulation    TICK 51 REGS: [(R0 = 0)(R1 = 0)(R2 = 2)(R3 = 3)(R4 = 0)(R5 = 5)(R6 = 1)(R7 = 0)(R8 = 0)(R9 = 0)(R10 = 0)(R11 = 10)(R12 = 0)(R13 = 15)(R14 = 0)(R15 = 1023)] CMP ['r2', 'r11']
  DEBUG   machine:simulation    TICK 54 REGS: [(R0 = 0)(R1 = 0)(R2 = 2)(R3 = 3)(R4 = 0)(R5 = 5)(R6 = 1)(R7 = 0)(R8 = 0)(R9 = 0)(R10 = 0)(R11 = 10)(R12 = 0)(R13 = 16)(R14 = 0)(R15 = 1023)] JE ['20']
  DEBUG   machine:simulation    TICK 56 REGS: [(R0 = 0)(R1 = 0)(R2 = 2)(R3 = 3)(R4 = 0)(R5 = 5)(R6 = 1)(R7 = 0)(R8 = 0)(R9 = 0)(R10 = 0)(R11 = 10)(R12 = 0)(R13 = 17)(R14 = 0)(R15 = 1023)] JUMP ['6']
  DEBUG   machine:simulation    TICK 58 REGS: [(R0 = 0)(R1 = 0)(R2 = 2)(R3 = 3)(R4 = 0)(R5 = 5)(R6 = 1)(R7 = 0)(R8 = 0)(R9 = 0)(R10 = 0)(R11 = 10)(R12 = 0)(R13 = 6)(R14 = 0)(R15 = 1023)] MOV ['r6', 'r2']
  DEBUG   machine:simulation    TICK 62 REGS: [(R0 = 0)(R1 = 0)(R2 = 2)(R3 = 3)(R4 = 0)(R5 = 5)(R6 = 2)(R7 = 0)(R8 = 0)(R9 = 0)(R10 = 0)(R11 = 10)(R12 = 0)(R13 = 7)(R14 = 0)(R15 = 1023)] MOD ['r6', 'r3']
  DEBUG   machine:simulation    TICK 65 REGS: [(R0 = 0)(R1 = 0)(R2 = 2)(R3 = 3)(R4 = 0)(R5 = 5)(R6 = 2)(R7 = 0)(R8 = 0)(R9 = 0)(R10 = 0)(R11 = 10)(R12 = 0)(R13 = 8)(R14 = 0)(R15 = 1023)] CMP ['r6', 'r10']
  DEBUG   machine:simulation    TICK 68 REGS: [(R0 = 0)(R1 = 0)(R2 = 2)(R3 = 3)(R4 = 0)(R5 = 5)(R6 = 2)(R7 = 0)(R8 = 0)(R9 = 0)(R10 = 0)(R11 = 10)(R12 = 0)(R13 = 9)(R14 = 0)(R15 = 1023)] JE ['18']
  DEBUG   machine:simulation    TICK 70 REGS: [(R0 = 0)(R1 = 0)(R2 = 2)(R3 = 3)(R4 = 0)(R5 = 5)(R6 = 2)(R7 = 0)(R8 = 0)(R9 = 0)(R10 = 0)(R11 = 10)(R12 = 0)(R13 = 10)(R14 = 0)(R15 = 1023)] MOV ['r6', 'r2']
  DEBUG   machine:simulation    TICK 74 REGS: [(R0 = 0)(R1 = 0)(R2 = 2)(R3 = 3)(R4 = 0)(R5 = 5)(R6 = 2)(R7 = 0)(R8 = 0)(R9 = 0)(R10 = 0)(R11 = 10)(R12 = 0)(R13 = 11)(R14 = 0)(R15 = 1023)] MOD ['r6', 'r5']
  DEBUG   machine:simulation    TICK 77 REGS: [(R0 = 0)(R1 = 0)(R2 = 2)(R3 = 3)(R4 = 0)(R5 = 5)(R6 = 2)(R7 = 0)(R8 = 0)(R9 = 0)(R10 = 0)(R11 = 10)(R12 = 0)(R13 = 12)(R14 = 0)(R15 = 1023)] CMP ['r6', 'r10']
  DEBUG   machine:simulation    TICK 80 REGS: [(R0 = 0)(R1 = 0)(R2 = 2)(R3 = 3)(R4 = 0)(R5 = 5)(R6 = 2)(R7 = 0)(R8 = 0)(R9 = 0)(R10 = 0)(R11 = 10)(R12 = 0)(R13 = 13)(R14 = 0)(R15 = 1023)] JE ['18']
  DEBUG   machine:simulation    TICK 82 REGS: [(R0 = 0)(R1 = 0)(R2 = 2)(R3 = 3)(R4 = 0)(R5 = 5)(R6 = 2)(R7 = 0)(R8 = 0)(R9 = 0)(R10 = 0)(R11 = 10)(R12 = 0)(R13 = 14)(R14 = 0)(R15 = 1023)] INC ['r2']
  DEBUG   machine:simulation    TICK 85 REGS: [(R0 = 0)(R1 = 0)(R2 = 3)(R3 = 3)(R4 = 0)(R5 = 5)(R6 = 2)(R7 = 0)(R8 = 0)(R9 = 0)(R10 = 0)(R11 = 10)(R12 = 0)(R13 = 15)(R14 = 0)(R15 = 1023)] CMP ['r2', 'r11']
  DEBUG   machine:simulation    TICK 88 REGS: [(R0 = 0)(R1 = 0)(R2 = 3)(R3 = 3)(R4 = 0)(R5 = 5)(R6 = 2)(R7 = 0)(R8 = 0)(R9 = 0)(R10 = 0)(R11 = 10)(R12 = 0)(R13 = 16)(R14 = 0)(R15 = 1023)] JE ['20']
  DEBUG   machine:simulation    TICK 90 REGS: [(R0 = 0)(R1 = 0)(R2 = 3)(R3 = 3)(R4 = 0)(R5 = 5)(R6 = 2)(R7 = 0)(R8 = 0)(R9 = 0)(R10 = 0)(R11 = 10)(R12 = 0)(R13 = 17)(R14 = 0)(R15 = 1023)] JUMP ['6']
  DEBUG   machine:simulation    TICK 92 REGS: [(R0 = 0)(R1 = 0)(R2 = 3)(R3 = 3)(R4 = 0)(R5 = 5)(R6 = 2)(R7 = 0)(R8 = 0)(R9 = 0)(R10 = 0)(R11 = 10)(R12 = 0)(R13 = 6)(R14 = 0)(R15 = 1023)] MOV ['r6', 'r2']
  DEBUG   machine:simulation    TICK 96 REGS: [(R0 = 0)(R1 = 0)(R2 = 3)(R3 = 3)(R4 = 0)(R5 = 5)(R6 = 3)(R7 = 0)(R8 = 0)(R9 = 0)(R10 = 0)(R11 = 10)(R12 = 0)(R13 = 7)(R14 = 0)(R15 = 1023)] MOD ['r6', 'r3']
  DEBUG   machine:simulation    TICK 99 REGS: [(R0 = 0)(R1 = 0)(R2 = 3)(R3 = 3)(R4 = 0)(R5 = 5)(R6 = 0)(R7 = 0)(R8 = 0)(R9 = 0)(R10 = 0)(R11 = 10)(R12 = 0)(R13 = 8)(R14 = 0)(R15 = 1023)] CMP ['r6', 'r10']
  DEBUG   machine:simulation    TICK 102 REGS: [(R0 = 0)(R1 = 0)(R2 = 3)(R3 = 3)(R4 = 0)(R5 = 5)(R6 = 0)(R7 = 0)(R8 = 0)(R9 = 0)(R10 = 0)(R11 = 10)(R12 = 0)(R13 = 9)(R14 = 0)(R15 = 1023)] JE ['18']
  DEBUG   machine:simulation    TICK 104 REGS: [(R0 = 0)(R1 = 0)(R2 = 3)(R3 = 3)(R4 = 0)(R5 = 5)(R6 = 0)(R7 = 0)(R8 = 0)(R9 = 0)(R10 = 0)(R11 = 10)(R12 = 0)(R13 = 18)(R14 = 0)(R15 = 1023)] ADD ['r1', 'r2']
  DEBUG   machine:simulation    TICK 107 REGS: [(R0 = 0)(R1 = 3)(R2 = 3)(R3 = 3)(R4 = 0)(R5 = 5)(R6 = 0)(R7 = 0)(R8 = 0)(R9 = 0)(R10 = 0)(R11 = 10)(R12 = 0)(R13 = 19)(R14 = 0)(R15 = 1023)] JUMP ['14']
  DEBUG   machine:simulation    TICK 109 REGS: [(R0 = 0)(R1 = 3)(R2 = 3)(R3 = 3)(R4 = 0)(R5 = 5)(R6 = 0)(R7 = 0)(R8 = 0)(R9 = 0)(R10 = 0)(R11 = 10)(R12 = 0)(R13 = 14)(R14 = 0)(R15 = 1023)] INC ['r2']
  DEBUG   machine:simulation    TICK 112 REGS: [(R0 = 0)(R1 = 3)(R2 = 4)(R3 = 3)(R4 = 0)(R5 = 5)(R6 = 0)(R7 = 0)(R8 = 0)(R9 = 0)(R10 = 0)(R11 = 10)(R12 = 0)(R13 = 15)(R14 = 0)(R15 = 1023)] CMP ['r2', 'r11']
  DEBUG   machine:simulation    TICK 115 REGS: [(R0 = 0)(R1 = 3)(R2 = 4)(R3 = 3)(R4 = 0)(R5 = 5)(R6 = 0)(R7 = 0)(R8 = 0)(R9 = 0)(R10 = 0)(R11 = 10)(R12 = 0)(R13 = 16)(R14 = 0)(R15 = 1023)] JE ['20']
  DEBUG   machine:simulation    TICK 117 REGS: [(R0 = 0)(R1 = 3)(R2 = 4)(R3 = 3)(R4 = 0)(R5 = 5)(R6 = 0)(R7 = 0)(R8 = 0)(R9 = 0)(R10 = 0)(R11 = 10)(R12 = 0)(R13 = 17)(R14 = 0)(R15 = 1023)] JUMP ['6']
  DEBUG   machine:simulation    TICK 119 REGS: [(R0 = 0)(R1 = 3)(R2 = 4)(R3 = 3)(R4 = 0)(R5 = 5)(R6 = 0)(R7 = 0)(R8 = 0)(R9 = 0)(R10 = 0)(R11 = 10)(R12 = 0)(R13 = 6)(R14 = 0)(R15 = 1023)] MOV ['r6', 'r2']
  DEBUG   machine:simulation    TICK 123 REGS: [(R0 = 0)(R1 = 3)(R2 = 4)(R3 = 3)(R4 = 0)(R5 = 5)(R6 = 4)(R7 = 0)(R8 = 0)(R9 = 0)(R10 = 0)(R11 = 10)(R12 = 0)(R13 = 7)(R14 = 0)(R15 = 1023)] MOD ['r6', 'r3']
  DEBUG   machine:simulation    TICK 126 REGS: [(R0 = 0)(R1 = 3)(R2 = 4)(R3 = 3)(R4 = 0)(R5 = 5)(R6 = 1)(R7 = 0)(R8 = 0)(R9 = 0)(R10 = 0)(R11 = 10)(R12 = 0)(R13 = 8)(R14 = 0)(R15 = 1023)] CMP ['r6', 'r10']
  DEBUG   machine:simulation    TICK 129 REGS: [(R0 = 0)(R1 = 3)(R2 = 4)(R3 = 3)(R4 = 0)(R5 = 5)(R6 = 1)(R7 = 0)(R8 = 0)(R9 = 0)(R10 = 0)(R11 = 10)(R12 = 0)(R13 = 9)(R14 = 0)(R15 = 1023)] JE ['18']
  DEBUG   machine:simulation    TICK 131 REGS: [(R0 = 0)(R1 = 3)(R2 = 4)(R3 = 3)(R4 = 0)(R5 = 5)(R6 = 1)(R7 = 0)(R8 = 0)(R9 = 0)(R10 = 0)(R11 = 10)(R12 = 0)(R13 = 10)(R14 = 0)(R15 = 1023)] MOV ['r6', 'r2']
  DEBUG   machine:simulation    TICK 135 REGS: [(R0 = 0)(R1 = 3)(R2 = 4)(R3 = 3)(R4 = 0)(R5 = 5)(R6 = 4)(R7 = 0)(R8 = 0)(R9 = 0)(R10 = 0)(R11 = 10)(R12 = 0)(R13 = 11)(R14 = 0)(R15 = 1023)] MOD ['r6', 'r5']
  DEBUG   machine:simulation    TICK 138 REGS: [(R0 = 0)(R1 = 3)(R2 = 4)(R3 = 3)(R4 = 0)(R5 = 5)(R6 = 4)(R7 = 0)(R8 = 0)(R9 = 0)(R10 = 0)(R11 = 10)(R12 = 0)(R13 = 12)(R14 = 0)(R15 = 1023)] CMP ['r6', 'r10']
  DEBUG   machine:simulation    TICK 141 REGS: [(R0 = 0)(R1 = 3)(R2 = 4)(R3 = 3)(R4 = 0)(R5 = 5)(R6 = 4)(R7 = 0)(R8 = 0)(R9 = 0)(R10 = 0)(R11 = 10)(R12 = 0)(R13 = 13)(R14 = 0)(R15 = 1023)] JE ['18']
  DEBUG   machine:simulation    TICK 143 REGS: [(R0 = 0)(R1 = 3)(R2 = 4)(R3 = 3)(R4 = 0)(R5 = 5)(R6 = 4)(R7 = 0)(R8 = 0)(R9 = 0)(R10 = 0)(R11 = 10)(R12 = 0)(R13 = 14)(R14 = 0)(R15 = 1023)] INC ['r2']
  DEBUG   machine:simulation    TICK 146 REGS: [(R0 = 0)(R1 = 3)(R2 = 5)(R3 = 3)(R4 = 0)(R5 = 5)(R6 = 4)(R7 = 0)(R8 = 0)(R9 = 0)(R10 = 0)(R11 = 10)(R12 = 0)(R13 = 15)(R14 = 0)(R15 = 1023)] CMP ['r2', 'r11']
  DEBUG   machine:simulation    TICK 149 REGS: [(R0 = 0)(R1 = 3)(R2 = 5)(R3 = 3)(R4 = 0)(R5 = 5)(R6 = 4)(R7 = 0)(R8 = 0)(R9 = 0)(R10 = 0)(R11 = 10)(R12 = 0)(R13 = 16)(R14 = 0)(R15 = 1023)] JE ['20']
  DEBUG   machine:simulation    TICK 151 REGS: [(R0 = 0)(R1 = 3)(R2 = 5)(R3 = 3)(R4 = 0)(R5 = 5)(R6 = 4)(R7 = 0)(R8 = 0)(R9 = 0)(R10 = 0)(R11 = 10)(R12 = 0)(R13 = 17)(R14 = 0)(R15 = 1023)] JUMP ['6']
  DEBUG   machine:simulation    TICK 153 REGS: [(R0 = 0)(R1 = 3)(R2 = 5)(R3 = 3)(R4 = 0)(R5 = 5)(R6 = 4)(R7 = 0)(R8 = 0)(R9 = 0)(R10 = 0)(R11 = 10)(R12 = 0)(R13 = 6)(R14 = 0)(R15 = 1023)] MOV ['r6', 'r2']
  DEBUG   machine:simulation    TICK 157 REGS: [(R0 = 0)(R1 = 3)(R2 = 5)(R3 = 3)(R4 = 0)(R5 = 5)(R6 = 5)(R7 = 0)(R8 = 0)(R9 = 0)(R10 = 0)(R11 = 10)(R12 = 0)(R13 = 7)(R14 = 0)(R15 = 1023)] MOD ['r6', 'r3']
  DEBUG   machine:simulation    TICK 160 REGS: [(R0 = 0)(R1 = 3)(R2 = 5)(R3 = 3)(R4 = 0)(R5 = 5)(R6 = 2)(R7 = 0)(R8 = 0)(R9 = 0)(R10 = 0)(R11 = 10)(R12 = 0)(R13 = 8)(R14 = 0)(R15 = 1023)] CMP ['r6', 'r10']
  DEBUG   machine:simulation    TICK 163 REGS: [(R0 = 0)(R1 = 3)(R2 = 5)(R3 = 3)(R4 = 0)(R5 = 5)(R6 = 2)(R7 = 0)(R8 = 0)(R9 = 0)(R10 = 0)(R11 = 10)(R12 = 0)(R13 = 9)(R14 = 0)(R15 = 1023)] JE ['18']
  DEBUG   machine:simulation    TICK 165 REGS: [(R0 = 0)(R1 = 3)(R2 = 5)(R3 = 3)(R4 = 0)(R5 = 5)(R6 = 2)(R7 = 0)(R8 = 0)(R9 = 0)(R10 = 0)(R11 = 10)(R12 = 0)(R13 = 10)(R14 = 0)(R15 = 1023)] MOV ['r6', 'r2']
  DEBUG   machine:simulation    TICK 169 REGS: [(R0 = 0)(R1 = 3)(R2 = 5)(R3 = 3)(R4 = 0)(R5 = 5)(R6 = 5)(R7 = 0)(R8 = 0)(R9 = 0)(R10 = 0)(R11 = 10)(R12 = 0)(R13 = 11)(R14 = 0)(R15 = 1023)] MOD ['r6', 'r5']
  DEBUG   machine:simulation    TICK 172 REGS: [(R0 = 0)(R1 = 3)(R2 = 5)(R3 = 3)(R4 = 0)(R5 = 5)(R6 = 0)(R7 = 0)(R8 = 0)(R9 = 0)(R10 = 0)(R11 = 10)(R12 = 0)(R13 = 12)(R14 = 0)(R15 = 1023)] CMP ['r6', 'r10']
  DEBUG   machine:simulation    TICK 175 REGS: [(R0 = 0)(R1 = 3)(R2 = 5)(R3 = 3)(R4 = 0)(R5 = 5)(R6 = 0)(R7 = 0)(R8 = 0)(R9 = 0)(R10 = 0)(R11 = 10)(R12 = 0)(R13 = 13)(R14 = 0)(R15 = 1023)] JE ['18']
  DEBUG   machine:simulation    TICK 177 REGS: [(R0 = 0)(R1 = 3)(R2 = 5)(R3 = 3)(R4 = 0)(R5 = 5)(R6 = 0)(R7 = 0)(R8 = 0)(R9 = 0)(R10 = 0)(R11 = 10)(R12 = 0)(R13 = 18)(R14 = 0)(R15 = 1023)] ADD ['r1', 'r2']
  DEBUG   machine:simulation    TICK 180 REGS: [(R0 = 0)(R1 = 8)(R2 = 5)(R3 = 3)(R4 = 0)(R5 = 5)(R6 = 0)(R7 = 0)(R8 = 0)(R9 = 0)(R10 = 0)(R11 = 10)(R12 = 0)(R13 = 19)(R14 = 0)(R15 = 1023)] JUMP ['14']
  DEBUG   machine:simulation    TICK 182 REGS: [(R0 = 0)(R1 = 8)(R2 = 5)(R3 = 3)(R4 = 0)(R5 = 5)(R6 = 0)(R7 = 0)(R8 = 0)(R9 = 0)(R10 = 0)(R11 = 10)(R12 = 0)(R13 = 14)(R14 = 0)(R15 = 1023)] INC ['r2']
  DEBUG   machine:simulation    TICK 185 REGS: [(R0 = 0)(R1 = 8)(R2 = 6)(R3 = 3)(R4 = 0)(R5 = 5)(R6 = 0)(R7 = 0)(R8 = 0)(R9 = 0)(R10 = 0)(R11 = 10)(R12 = 0)(R13 = 15)(R14 = 0)(R15 = 1023)] CMP ['r2', 'r11']
  DEBUG   machine:simulation    TICK 188 REGS: [(R0 = 0)(R1 = 8)(R2 = 6)(R3 = 3)(R4 = 0)(R5 = 5)(R6 = 0)(R7 = 0)(R8 = 0)(R9 = 0)(R10 = 0)(R11 = 10)(R12 = 0)(R13 = 16)(R14 = 0)(R15 = 1023)] JE ['20']
  DEBUG   machine:simulation    TICK 190 REGS: [(R0 = 0)(R1 = 8)(R2 = 6)(R3 = 3)(R4 = 0)(R5 = 5)(R6 = 0)(R7 = 0)(R8 = 0)(R9 = 0)(R10 = 0)(R11 = 10)(R12 = 0)(R13 = 17)(R14 = 0)(R15 = 1023)] JUMP ['6']
  DEBUG   machine:simulation    TICK 192 REGS: [(R0 = 0)(R1 = 8)(R2 = 6)(R3 = 3)(R4 = 0)(R5 = 5)(R6 = 0)(R7 = 0)(R8 = 0)(R9 = 0)(R10 = 0)(R11 = 10)(R12 = 0)(R13 = 6)(R14 = 0)(R15 = 1023)] MOV ['r6', 'r2']
  DEBUG   machine:simulation    TICK 196 REGS: [(R0 = 0)(R1 = 8)(R2 = 6)(R3 = 3)(R4 = 0)(R5 = 5)(R6 = 6)(R7 = 0)(R8 = 0)(R9 = 0)(R10 = 0)(R11 = 10)(R12 = 0)(R13 = 7)(R14 = 0)(R15 = 1023)] MOD ['r6', 'r3']
  DEBUG   machine:simulation    TICK 199 REGS: [(R0 = 0)(R1 = 8)(R2 = 6)(R3 = 3)(R4 = 0)(R5 = 5)(R6 = 0)(R7 = 0)(R8 = 0)(R9 = 0)(R10 = 0)(R11 = 10)(R12 = 0)(R13 = 8)(R14 = 0)(R15 = 1023)] CMP ['r6', 'r10']
  DEBUG   machine:simulation    TICK 202 REGS: [(R0 = 0)(R1 = 8)(R2 = 6)(R3 = 3)(R4 = 0)(R5 = 5)(R6 = 0)(R7 = 0)(R8 = 0)(R9 = 0)(R10 = 0)(R11 = 10)(R12 = 0)(R13 = 9)(R14 = 0)(R15 = 1023)] JE ['18']
  DEBUG   machine:simulation    TICK 204 REGS: [(R0 = 0)(R1 = 8)(R2 = 6)(R3 = 3)(R4 = 0)(R5 = 5)(R6 = 0)(R7 = 0)(R8 = 0)(R9 = 0)(R10 = 0)(R11 = 10)(R12 = 0)(R13 = 18)(R14 = 0)(R15 = 1023)] ADD ['r1', 'r2']
  DEBUG   machine:simulation    TICK 207 REGS: [(R0 = 0)(R1 = 14)(R2 = 6)(R3 = 3)(R4 = 0)(R5 = 5)(R6 = 0)(R7 = 0)(R8 = 0)(R9 = 0)(R10 = 0)(R11 = 10)(R12 = 0)(R13 = 19)(R14 = 0)(R15 = 1023)] JUMP ['14']
  DEBUG   machine:simulation    TICK 209 REGS: [(R0 = 0)(R1 = 14)(R2 = 6)(R3 = 3)(R4 = 0)(R5 = 5)(R6 = 0)(R7 = 0)(R8 = 0)(R9 = 0)(R10 = 0)(R11 = 10)(R12 = 0)(R13 = 14)(R14 = 0)(R15 = 1023)] INC ['r2']
  DEBUG   machine:simulation    TICK 212 REGS: [(R0 = 0)(R1 = 14)(R2 = 7)(R3 = 3)(R4 = 0)(R5 = 5)(R6 = 0)(R7 = 0)(R8 = 0)(R9 = 0)(R10 = 0)(R11 = 10)(R12 = 0)(R13 = 15)(R14 = 0)(R15 = 1023)] CMP ['r2', 'r11']
  DEBUG   machine:simulation    TICK 215 REGS: [(R0 = 0)(R1 = 14)(R2 = 7)(R3 = 3)(R4 = 0)(R5 = 5)(R6 = 0)(R7 = 0)(R8 = 0)(R9 = 0)(R10 = 0)(R11 = 10)(R12 = 0)(R13 = 16)(R14 = 0)(R15 = 1023)] JE ['20']
  DEBUG   machine:simulation    TICK 217 REGS: [(R0 = 0)(R1 = 14)(R2 = 7)(R3 = 3)(R4 = 0)(R5 = 5)(R6 = 0)(R7 = 0)(R8 = 0)(R9 = 0)(R10 = 0)(R11 = 10)(R12 = 0)(R13 = 17)(R14 = 0)(R15 = 1023)] JUMP ['6']
  DEBUG   machine:simulation    TICK 219 REGS: [(R0 = 0)(R1 = 14)(R2 = 7)(R3 = 3)(R4 = 0)(R5 = 5)(R6 = 0)(R7 = 0)(R8 = 0)(R9 = 0)(R10 = 0)(R11 = 10)(R12 = 0)(R13 = 6)(R14 = 0)(R15 = 1023)] MOV ['r6', 'r2']
  DEBUG   machine:simulation    TICK 223 REGS: [(R0 = 0)(R1 = 14)(R2 = 7)(R3 = 3)(R4 = 0)(R5 = 5)(R6 = 7)(R7 = 0)(R8 = 0)(R9 = 0)(R10 = 0)(R11 = 10)(R12 = 0)(R13 = 7)(R14 = 0)(R15 = 1023)] MOD ['r6', 'r3']
  DEBUG   machine:simulation    TICK 226 REGS: [(R0 = 0)(R1 = 14)(R2 = 7)(R3 = 3)(R4 = 0)(R5 = 5)(R6 = 1)(R7 = 0)(R8 = 0)(R9 = 0)(R10 = 0)(R11 = 10)(R12 = 0)(R13 = 8)(R14 = 0)(R15 = 1023)] CMP ['r6', 'r10']
  DEBUG   machine:simulation    TICK 229 REGS: [(R0 = 0)(R1 = 14)(R2 = 7)(R3 = 3)(R4 = 0)(R5 = 5)(R6 = 1)(R7 = 0)(R8 = 0)(R9 = 0)(R10 = 0)(R11 = 10)(R12 = 0)(R13 = 9)(R14 = 0)(R15 = 1023)] JE ['18']
  DEBUG   machine:simulation    TICK 231 REGS: [(R0 = 0)(R1 = 14)(R2 = 7)(R3 = 3)(R4 = 0)(R5 = 5)(R6 = 1)(R7 = 0)(R8 = 0)(R9 = 0)(R10 = 0)(R11 = 10)(R12 = 0)(R13 = 10)(R14 = 0)(R15 = 1023)] MOV ['r6', 'r2']
  DEBUG   machine:simulation    TICK 235 REGS: [(R0 = 0)(R1 = 14)(R2 = 7)(R3 = 3)(R4 = 0)(R5 = 5)(R6 = 7)(R7 = 0)(R8 = 0)(R9 = 0)(R10 = 0)(R11 = 10)(R12 = 0)(R13 = 11)(R14 = 0)(R15 = 1023)] MOD ['r6', 'r5']
  DEBUG   machine:simulation    TICK 238 REGS: [(R0 = 0)(R1 = 14)(R2 = 7)(R3 = 3)(R4 = 0)(R5 = 5)(R6 = 2)(R7 = 0)(R8 = 0)(R9 = 0)(R10 = 0)(R11 = 10)(R12 = 0)(R13 = 12)(R14 = 0)(R15 = 1023)] CMP ['r6', 'r10']
  DEBUG   machine:simulation    TICK 241 REGS: [(R0 = 0)(R1 = 14)(R2 = 7)(R3 = 3)(R4 = 0)(R5 = 5)(R6 = 2)(R7 = 0)(R8 = 0)(R9 = 0)(R10 = 0)(R11 = 10)(R12 = 0)(R13 = 13)(R14 = 0)(R15 = 1023)] JE ['18']
  DEBUG   machine:simulation    TICK 243 REGS: [(R0 = 0)(R1 = 14)(R2 = 7)(R3 = 3)(R4 = 0)(R5 = 5)(R6 = 2)(R7 = 0)(R8 = 0)(R9 = 0)(R10 = 0)(R11 = 10)(R12 = 0)(R13 = 14)(R14 = 0)(R15 = 1023)] INC ['r2']
  DEBUG   machine:simulation    TICK 246 REGS: [(R0 = 0)(R1 = 14)(R2 = 8)(R3 = 3)(R4 = 0)(R5 = 5)(R6 = 2)(R7 = 0)(R8 = 0)(R9 = 0)(R10 = 0)(R11 = 10)(R12 = 0)(R13 = 15)(R14 = 0)(R15 = 1023)] CMP ['r2', 'r11']
  DEBUG   machine:simulation    TICK 249 REGS: [(R0 = 0)(R1 = 14)(R2 = 8)(R3 = 3)(R4 = 0)(R5 = 5)(R6 = 2)(R7 = 0)(R8 = 0)(R9 = 0)(R10 = 0)(R11 = 10)(R12 = 0)(R13 = 16)(R14 = 0)(R15 = 1023)] JE ['20']
  DEBUG   machine:simulation    TICK 251 REGS: [(R0 = 0)(R1 = 14)(R2 = 8)(R3 = 3)(R4 = 0)(R5 = 5)(R6 = 2)(R7 = 0)(R8 = 0)(R9 = 0)(R10 = 0)(R11 = 10)(R12 = 0)(R13 = 17)(R14 = 0)(R15 = 1023)] JUMP ['6']
  DEBUG   machine:simulation    TICK 253 REGS: [(R0 = 0)(R1 = 14)(R2 = 8)(R3 = 3)(R4 = 0)(R5 = 5)(R6 = 2)(R7 = 0)(R8 = 0)(R9 = 0)(R10 = 0)(R11 = 10)(R12 = 0)(R13 = 6)(R14 = 0)(R15 = 1023)] MOV ['r6', 'r2']
  DEBUG   machine:simulation    TICK 257 REGS: [(R0 = 0)(R1 = 14)(R2 = 8)(R3 = 3)(R4 = 0)(R5 = 5)(R6 = 8)(R7 = 0)(R8 = 0)(R9 = 0)(R10 = 0)(R11 = 10)(R12 = 0)(R13 = 7)(R14 = 0)(R15 = 1023)] MOD ['r6', 'r3']
  DEBUG   machine:simulation    TICK 260 REGS: [(R0 = 0)(R1 = 14)(R2 = 8)(R3 = 3)(R4 = 0)(R5 = 5)(R6 = 2)(R7 = 0)(R8 = 0)(R9 = 0)(R10 = 0)(R11 = 10)(R12 = 0)(R13 = 8)(R14 = 0)(R15 = 1023)] CMP ['r6', 'r10']
  DEBUG   machine:simulation    TICK 263 REGS: [(R0 = 0)(R1 = 14)(R2 = 8)(R3 = 3)(R4 = 0)(R5 = 5)(R6 = 2)(R7 = 0)(R8 = 0)(R9 = 0)(R10 = 0)(R11 = 10)(R12 = 0)(R13 = 9)(R14 = 0)(R15 = 1023)] JE ['18']
  DEBUG   machine:simulation    TICK 265 REGS: [(R0 = 0)(R1 = 14)(R2 = 8)(R3 = 3)(R4 = 0)(R5 = 5)(R6 = 2)(R7 = 0)(R8 = 0)(R9 = 0)(R10 = 0)(R11 = 10)(R12 = 0)(R13 = 10)(R14 = 0)(R15 = 1023)] MOV ['r6', 'r2']
  DEBUG   machine:simulation    TICK 269 REGS: [(R0 = 0)(R1 = 14)(R2 = 8)(R3 = 3)(R4 = 0)(R5 = 5)(R6 = 8)(R7 = 0)(R8 = 0)(R9 = 0)(R10 = 0)(R11 = 10)(R12 = 0)(R13 = 11)(R14 = 0)(R15 = 1023)] MOD ['r6', 'r5']
  DEBUG   machine:simulation    TICK 272 REGS: [(R0 = 0)(R1 = 14)(R2 = 8)(R3 = 3)(R4 = 0)(R5 = 5)(R6 = 3)(R7 = 0)(R8 = 0)(R9 = 0)(R10 = 0)(R11 = 10)(R12 = 0)(R13 = 12)(R14 = 0)(R15 = 1023)] CMP ['r6', 'r10']
  DEBUG   machine:simulation    TICK 275 REGS: [(R0 = 0)(R1 = 14)(R2 = 8)(R3 = 3)(R4 = 0)(R5 = 5)(R6 = 3)(R7 = 0)(R8 = 0)(R9 = 0)(R10 = 0)(R11 = 10)(R12 = 0)(R13 = 13)(R14 = 0)(R15 = 1023)] JE ['18']
  DEBUG   machine:simulation    TICK 277 REGS: [(R0 = 0)(R1 = 14)(R2 = 8)(R3 = 3)(R4 = 0)(R5 = 5)(R6 = 3)(R7 = 0)(R8 = 0)(R9 = 0)(R10 = 0)(R11 = 10)(R12 = 0)(R13 = 14)(R14 = 0)(R15 = 1023)] INC ['r2']
  DEBUG   machine:simulation    TICK 280 REGS: [(R0 = 0)(R1 = 14)(R2 = 9)(R3 = 3)(R4 = 0)(R5 = 5)(R6 = 3)(R7 = 0)(R8 = 0)(R9 = 0)(R10 = 0)(R11 = 10)(R12 = 0)(R13 = 15)(R14 = 0)(R15 = 1023)] CMP ['r2', 'r11']
  DEBUG   machine:simulation    TICK 283 REGS: [(R0 = 0)(R1 = 14)(R2 = 9)(R3 = 3)(R4 = 0)(R5 = 5)(R6 = 3)(R7 = 0)(R8 = 0)(R9 = 0)(R10 = 0)(R11 = 10)(R12 = 0)(R13 = 16)(R14 = 0)(R15 = 1023)] JE ['20']
  DEBUG   machine:simulation    TICK 285 REGS: [(R0 = 0)(R1 = 14)(R2 = 9)(R3 = 3)(R4 = 0)(R5 = 5)(R6 = 3)(R7 = 0)(R8 = 0)(R9 = 0)(R10 = 0)(R11 = 10)(R12 = 0)(R13 = 17)(R14 = 0)(R15 = 1023)] JUMP ['6']
  DEBUG   machine:simulation    TICK 287 REGS: [(R0 = 0)(R1 = 14)(R2 = 9)(R3 = 3)(R4 = 0)(R5 = 5)(R6 = 3)(R7 = 0)(R8 = 0)(R9 = 0)(R10 = 0)(R11 = 10)(R12 = 0)(R13 = 6)(R14 = 0)(R15 = 1023)] MOV ['r6', 'r2']
  DEBUG   machine:simulation    TICK 291 REGS: [(R0 = 0)(R1 = 14)(R2 = 9)(R3 = 3)(R4 = 0)(R5 = 5)(R6 = 9)(R7 = 0)(R8 = 0)(R9 = 0)(R10 = 0)(R11 = 10)(R12 = 0)(R13 = 7)(R14 = 0)(R15 = 1023)] MOD ['r6', 'r3']
  DEBUG   machine:simulation    TICK 294 REGS: [(R0 = 0)(R1 = 14)(R2 = 9)(R3 = 3)(R4 = 0)(R5 = 5)(R6 = 0)(R7 = 0)(R8 = 0)(R9 = 0)(R10 = 0)(R11 = 10)(R12 = 0)(R13 = 8)(R14 = 0)(R15 = 1023)] CMP ['r6', 'r10']
  DEBUG   machine:simulation    TICK 297 REGS: [(R0 = 0)(R1 = 14)(R2 = 9)(R3 = 3)(R4 = 0)(R5 = 5)(R6 = 0)(R7 = 0)(R8 = 0)(R9 = 0)(R10 = 0)(R11 = 10)(R12 = 0)(R13 = 9)(R14 = 0)(R15 = 1023)] JE ['18']
  DEBUG   machine:simulation    TICK 299 REGS: [(R0 = 0)(R1 = 14)(R2 = 9)(R3 = 3)(R4 = 0)(R5 = 5)(R6 = 0)(R7 = 0)(R8 = 0)(R9 = 0)(R10 = 0)(R11 = 10)(R12 = 0)(R13 = 18)(R14 = 0)(R15 = 1023)] ADD ['r1', 'r2']
  DEBUG   machine:simulation    TICK 302 REGS: [(R0 = 0)(R1 = 23)(R2 = 9)(R3 = 3)(R4 = 0)(R5 = 5)(R6 = 0)(R7 = 0)(R8 = 0)(R9 = 0)(R10 = 0)(R11 = 10)(R12 = 0)(R13 = 19)(R14 = 0)(R15 = 1023)] JUMP ['14']
  DEBUG   machine:simulation    TICK 304 REGS: [(R0 = 0)(R1 = 23)(R2 = 9)(R3 = 3)(R4 = 0)(R5 = 5)(R6 = 0)(R7 = 0)(R8 = 0)(R9 = 0)(R10 = 0)(R11 = 10)(R12 = 0)(R13 = 14)(R14 = 0)(R15 = 1023)] INC ['r2']
  DEBUG   machine:simulation    TICK 307 REGS: [(R0 = 0)(R1 = 23)(R2 = 10)(R3 = 3)(R4 = 0)(R5 = 5)(R6 = 0)(R7 = 0)(R8 = 0)(R9 = 0)(R10 = 0)(R11 = 10)(R12 = 0)(R13 = 15)(R14 = 0)(R15 = 1023)] CMP ['r2', 'r11']
  DEBUG   machine:simulation    TICK 310 REGS: [(R0 = 0)(R1 = 23)(R2 = 10)(R3 = 3)(R4 = 0)(R5 = 5)(R6 = 0)(R7 = 0)(R8 = 0)(R9 = 0)(R10 = 0)(R11 = 10)(R12 = 0)(R13 = 16)(R14 = 0)(R15 = 1023)] JE ['20']
  DEBUG   machine:simulation    TICK 312 REGS: [(R0 = 0)(R1 = 23)(R2 = 10)(R3 = 3)(R4 = 0)(R5 = 5)(R6 = 0)(R7 = 0)(R8 = 0)(R9 = 0)(R10 = 0)(R11 = 10)(R12 = 0)(R13 = 20)(R14 = 0)(R15 = 1023)] MOV ['r11', '10']
  DEBUG   machine:simulation    TICK 316 REGS: [(R0 = 0)(R1 = 23)(R2 = 10)(R3 = 3)(R4 = 0)(R5 = 5)(R6 = 0)(R7 = 0)(R8 = 0)(R9 = 0)(R10 = 0)(R11 = 10)(R12 = 0)(R13 = 21)(R14 = 0)(R15 = 1023)] MOV ['r12', '48']
  DEBUG   machine:simulation    TICK 320 REGS: [(R0 = 0)(R1 = 23)(R2 = 10)(R3 = 3)(R4 = 0)(R5 = 5)(R6 = 0)(R7 = 0)(R8 = 0)(R9 = 0)(R10 = 0)(R11 = 10)(R12 = 48)(R13 = 22)(R14 = 0)(R15 = 1023)] DEC ['r15']
  DEBUG   machine:simulation    TICK 323 REGS: [(R0 = 0)(R1 = 23)(R2 = 10)(R3 = 3)(R4 = 0)(R5 = 5)(R6 = 0)(R7 = 0)(R8 = 0)(R9 = 0)(R10 = 0)(R11 = 10)(R12 = 48)(R13 = 23)(R14 = 0)(R15 = 1022)] MOV ['r6', 'r1']
  DEBUG   machine:simulation    TICK 327 REGS: [(R0 = 0)(R1 = 23)(R2 = 10)(R3 = 3)(R4 = 0)(R5 = 5)(R6 = 23)(R7 = 0)(R8 = 0)(R9 = 0)(R10 = 0)(R11 = 10)(R12 = 48)(R13 = 24)(R14 = 0)(R15 = 1022)] MOD ['r6', 'r11']
  DEBUG   machine:simulation    TICK 330 REGS: [(R0 = 0)(R1 = 23)(R2 = 10)(R3 = 3)(R4 = 0)(R5 = 5)(R6 = 3)(R7 = 0)(R8 = 0)(R9 = 0)(R10 = 0)(R11 = 10)(R12 = 48)(R13 = 25)(R14 = 0)(R15 = 1022)] DIV ['r1', 'r11']
  DEBUG   machine:simulation    TICK 333 REGS: [(R0 = 0)(R1 = 2)(R2 = 10)(R3 = 3)(R4 = 0)(R5 = 5)(R6 = 3)(R7 = 0)(R8 = 0)(R9 = 0)(R10 = 0)(R11 = 10)(R12 = 48)(R13 = 26)(R14 = 0)(R15 = 1022)] ADD ['r6', 'r12']
  DEBUG   machine:simulation    TICK 336 REGS: [(R0 = 0)(R1 = 2)(R2 = 10)(R3 = 3)(R4 = 0)(R5 = 5)(R6 = 51)(R7 = 0)(R8 = 0)(R9 = 0)(R10 = 0)(R11 = 10)(R12 = 48)(R13 = 27)(R14 = 0)(R15 = 1022)] ST ['r15', 'r6']
  DEBUG   machine:simulation    TICK 341 REGS: [(R0 = 0)(R1 = 2)(R2 = 10)(R3 = 3)(R4 = 0)(R5 = 5)(R6 = 51)(R7 = 0)(R8 = 0)(R9 = 0)(R10 = 0)(R11 = 10)(R12 = 48)(R13 = 28)(R14 = 0)(R15 = 1022)] CMP ['r1', 'r10']
  DEBUG   machine:simulation    TICK 344 REGS: [(R0 = 0)(R1 = 2)(R2 = 10)(R3 = 3)(R4 = 0)(R5 = 5)(R6 = 51)(R7 = 0)(R8 = 0)(R9 = 0)(R10 = 0)(R11 = 10)(R12 = 48)(R13 = 29)(R14 = 0)(R15 = 1022)] JE ['32']
  DEBUG   machine:simulation    TICK 346 REGS: [(R0 = 0)(R1 = 2)(R2 = 10)(R3 = 3)(R4 = 0)(R5 = 5)(R6 = 51)(R7 = 0)(R8 = 0)(R9 = 0)(R10 = 0)(R11 = 10)(R12 = 48)(R13 = 30)(R14 = 0)(R15 = 1022)] DEC ['r15']
  DEBUG   machine:simulation    TICK 349 REGS: [(R0 = 0)(R1 = 2)(R2 = 10)(R3 = 3)(R4 = 0)(R5 = 5)(R6 = 51)(R7 = 0)(R8 = 0)(R9 = 0)(R10 = 0)(R11 = 10)(R12 = 48)(R13 = 31)(R14 = 0)(R15 = 1021)] JUMP ['23']
  DEBUG   machine:simulation    TICK 351 REGS: [(R0 = 0)(R1 = 2)(R2 = 10)(R3 = 3)(R4 = 0)(R5 = 5)(R6 = 51)(R7 = 0)(R8 = 0)(R9 = 0)(R10 = 0)(R11 = 10)(R12 = 48)(R13 = 23)(R14 = 0)(R15 = 1021)] MOV ['r6', 'r1']
  DEBUG   machine:simulation    TICK 355 REGS: [(R0 = 0)(R1 = 2)(R2 = 10)(R3 = 3)(R4 = 0)(R5 = 5)(R6 = 2)(R7 = 0)(R8 = 0)(R9 = 0)(R10 = 0)(R11 = 10)(R12 = 48)(R13 = 24)(R14 = 0)(R15 = 1021)] MOD ['r6', 'r11']
  DEBUG   machine:simulation    TICK 358 REGS: [(R0 = 0)(R1 = 2)(R2 = 10)(R3 = 3)(R4 = 0)(R5 = 5)(R6 = 2)(R7 = 0)(R8 = 0)(R9 = 0)(R10 = 0)(R11 = 10)(R12 = 48)(R13 = 25)(R14 = 0)(R15 = 1021)] DIV ['r1', 'r11']
  DEBUG   machine:simulation    TICK 361 REGS: [(R0 = 0)(R1 = 0)(R2 = 10)(R3 = 3)(R4 = 0)(R5 = 5)(R6 = 2)(R7 = 0)(R8 = 0)(R9 = 0)(R10 = 0)(R11 = 10)(R12 = 48)(R13 = 26)(R14 = 0)(R15 = 1021)] ADD ['r6', 'r12']
  DEBUG   machine:simulation    TICK 364 REGS: [(R0 = 0)(R1 = 0)(R2 = 10)(R3 = 3)(R4 = 0)(R5 = 5)(R6 = 50)(R7 = 0)(R8 = 0)(R9 = 0)(R10 = 0)(R11 = 10)(R12 = 48)(R13 = 27)(R14 = 0)(R15 = 1021)] ST ['r15', 'r6']
  DEBUG   machine:simulation    TICK 369 REGS: [(R0 = 0)(R1 = 0)(R2 = 10)(R3 = 3)(R4 = 0)(R5 = 5)(R6 = 50)(R7 = 0)(R8 = 0)(R9 = 0)(R10 = 0)(R11 = 10)(R12 = 48)(R13 = 28)(R14 = 0)(R15 = 1021)] CMP ['r1', 'r10']
  DEBUG   machine:simulation    TICK 372 REGS: [(R0 = 0)(R1 = 0)(R2 = 10)(R3 = 3)(R4 = 0)(R5 = 5)(R6 = 50)(R7 = 0)(R8 = 0)(R9 = 0)(R10 = 0)(R11 = 10)(R12 = 48)(R13 = 29)(R14 = 0)(R15 = 1021)] JE ['32']
  DEBUG   machine:simulation    TICK 374 REGS: [(R0 = 0)(R1 = 0)(R2 = 10)(R3 = 3)(R4 = 0)(R5 = 5)(R6 = 50)(R7 = 0)(R8 = 0)(R9 = 0)(R10 = 0)(R11 = 10)(R12 = 48)(R13 = 32)(R14 = 0)(R15 = 1021)] LD ['r1', 'r15']
  DEBUG   machine:simulation    TICK 379 REGS: [(R0 = 0)(R1 = 50)(R2 = 10)(R3 = 3)(R4 = 0)(R5 = 5)(R6 = 50)(R7 = 0)(R8 = 0)(R9 = 0)(R10 = 0)(R11 = 10)(R12 = 48)(R13 = 33)(R14 = 0)(R15 = 1021)] CMP ['r1', 'r10']
  DEBUG   machine:simulation    TICK 382 REGS: [(R0 = 0)(R1 = 50)(R2 = 10)(R3 = 3)(R4 = 0)(R5 = 5)(R6 = 50)(R7 = 0)(R8 = 0)(R9 = 0)(R10 = 0)(R11 = 10)(R12 = 48)(R13 = 34)(R14 = 0)(R15 = 1021)] JE ['38']
  DEBUG   machine:simulation    TICK 384 REGS: [(R0 = 0)(R1 = 50)(R2 = 10)(R3 = 3)(R4 = 0)(R5 = 5)(R6 = 50)(R7 = 0)(R8 = 0)(R9 = 0)(R10 = 0)(R11 = 10)(R12 = 48)(R13 = 35)(R14 = 0)(R15 = 1021)] OUT ['1', 'r1']
  DEBUG   machine:simulation    TICK 388 REGS: [(R0 = 0)(R1 = 50)(R2 = 10)(R3 = 3)(R4 = 0)(R5 = 5)(R6 = 50)(R7 = 0)(R8 = 0)(R9 = 0)(R10 = 0)(R11 = 10)(R12 = 48)(R13 = 36)(R14 = 0)(R15 = 1021)] INC ['r15']
  DEBUG   machine:simulation    TICK 391 REGS: [(R0 = 0)(R1 = 50)(R2 = 10)(R3 = 3)(R4 = 0)(R5 = 5)(R6 = 50)(R7 = 0)(R8 = 0)(R9 = 0)(R10 = 0)(R11 = 10)(R12 = 48)(R13 = 37)(R14 = 0)(R15 = 1022)] JUMP ['32']
  DEBUG   machine:simulation    TICK 393 REGS: [(R0 = 0)(R1 = 50)(R2 = 10)(R3 = 3)(R4 = 0)(R5 = 5)(R6 = 50)(R7 = 0)(R8 = 0)(R9 = 0)(R10 = 0)(R11 = 10)(R12 = 48)(R13 = 32)(R14 = 0)(R15 = 1022)] LD ['r1', 'r15']
  DEBUG   machine:simulation    TICK 398 REGS: [(R0 = 0)(R1 = 51)(R2 = 10)(R3 = 3)(R4 = 0)(R5 = 5)(R6 = 50)(R7 = 0)(R8 = 0)(R9 = 0)(R10 = 0)(R11 = 10)(R12 = 48)(R13 = 33)(R14 = 0)(R15 = 1022)] CMP ['r1', 'r10']
  DEBUG   machine:simulation    TICK 401 REGS: [(R0 = 0)(R1 = 51)(R2 = 10)(R3 = 3)(R4 = 0)(R5 = 5)(R6 = 50)(R7 = 0)(R8 = 0)(R9 = 0)(R10 = 0)(R11 = 10)(R12 = 48)(R13 = 34)(R14 = 0)(R15 = 1022)] JE ['38']
  DEBUG   machine:simulation    TICK 403 REGS: [(R0 = 0)(R1 = 51)(R2 = 10)(R3 = 3)(R4 = 0)(R5 = 5)(R6 = 50)(R7 = 0)(R8 = 0)(R9 = 0)(R10 = 0)(R11 = 10)(R12 = 48)(R13 = 35)(R14 = 0)(R15 = 1022)] OUT ['1', 'r1']
  DEBUG   machine:simulation    TICK 407 REGS: [(R0 = 0)(R1 = 51)(R2 = 10)(R3 = 3)(R4 = 0)(R5 = 5)(R6 = 50)(R7 = 0)(R8 = 0)(R9 = 0)(R10 = 0)(R11 = 10)(R12 = 48)(R13 = 36)(R14 = 0)(R15 = 1022)] INC ['r15']
  DEBUG   machine:simulation    TICK 410 REGS: [(R0 = 0)(R1 = 51)(R2 = 10)(R3 = 3)(R4 = 0)(R5 = 5)(R6 = 50)(R7 = 0)(R8 = 0)(R9 = 0)(R10 = 0)(R11 = 10)(R12 = 48)(R13 = 37)(R14 = 0)(R15 = 1023)] JUMP ['32']
  DEBUG   machine:simulation    TICK 412 REGS: [(R0 = 0)(R1 = 51)(R2 = 10)(R3 = 3)(R4 = 0)(R5 = 5)(R6 = 50)(R7 = 0)(R8 = 0)(R9 = 0)(R10 = 0)(R11 = 10)(R12 = 48)(R13 = 32)(R14 = 0)(R15 = 1023)] LD ['r1', 'r15']
  DEBUG   machine:simulation    TICK 417 REGS: [(R0 = 0)(R1 = 0)(R2 = 10)(R3 = 3)(R4 = 0)(R5 = 5)(R6 = 50)(R7 = 0)(R8 = 0)(R9 = 0)(R10 = 0)(R11 = 10)(R12 = 48)(R13 = 33)(R14 = 0)(R15 = 1023)] CMP ['r1', 'r10']
  DEBUG   machine:simulation    TICK 420 REGS: [(R0 = 0)(R1 = 0)(R2 = 10)(R3 = 3)(R4 = 0)(R5 = 5)(R6 = 50)(R7 = 0)(R8 = 0)(R9 = 0)(R10 = 0)(R11 = 10)(R12 = 48)(R13 = 34)(R14 = 0)(R15 = 1023)] JE ['38']
  DEBUG   machine:simulation    TICK 422 REGS: [(R0 = 0)(R1 = 0)(R2 = 10)(R3 = 3)(R4 = 0)(R5 = 5)(R6 = 50)(R7 = 0)(R8 = 0)(R9 = 0)(R10 = 0)(R11 = 10)(R12 = 48)(R13 = 38)(R14 = 0)(R15 = 1023)] HLT []
